error log opened
Reinitialized the Alien Map whilst injecting
Reinitialized the Alien Map whilst injecting
Reinitialized the Alien Map whilst injecting
Reinitialized the Alien Map whilst injecting
Reinitialized the Alien Map whilst injecting
Reinitializing the Alien Map
Reinitializing the Alien Map
Reinitializing the Alien Map
